../Drivers/CMSIS/Include/core_cm3.h:1762:34:__NVIC_SystemReset	4	static,ignoring_inline_asm
C:/Users/Root/Downloads/ST7789-STM32-master/ST7789/st7789.c:20:13:ST7789_WriteCommand	16	static
C:/Users/Root/Downloads/ST7789-STM32-master/ST7789/st7789.c:34:13:ST7789_WriteData	24	static
C:/Users/Root/Downloads/ST7789-STM32-master/ST7789/st7789.c:66:13:ST7789_WriteSmallData	16	static
C:/Users/Root/Downloads/ST7789-STM32-master/ST7789/st7789.c:79:6:ST7789_SetRotation	16	static
C:/Users/Root/Downloads/ST7789-STM32-master/ST7789/st7789.c:105:13:ST7789_SetAddressWindow	40	static
C:/Users/Root/Downloads/ST7789-STM32-master/ST7789/st7789.c:134:6:ST7789_Init	56	static
C:/Users/Root/Downloads/ST7789-STM32-master/ST7789/st7789.c:197:6:ST7789_Fill_Color	24	static
C:/Users/Root/Downloads/ST7789-STM32-master/ST7789/st7789.c:231:6:ST7789_DrawPixel	24	static
C:/Users/Root/Downloads/ST7789-STM32-master/ST7789/st7789.c:250:6:ST7789_Fill	32	static
C:/Users/Root/Downloads/ST7789-STM32-master/ST7789/st7789.c:271:6:ST7789_DrawPixel_4px	32	static
C:/Users/Root/Downloads/ST7789-STM32-master/ST7789/st7789.c:287:6:ST7789_DrawLine	40	static
C:/Users/Root/Downloads/ST7789-STM32-master/ST7789/st7789.c:348:6:ST7789_DrawRectangle	32	static
C:/Users/Root/Downloads/ST7789-STM32-master/ST7789/st7789.c:365:6:ST7789_DrawCircle	40	static
C:/Users/Root/Downloads/ST7789-STM32-master/ST7789/st7789.c:409:6:ST7789_DrawImage	24	static
C:/Users/Root/Downloads/ST7789-STM32-master/ST7789/st7789.c:429:6:ST7789_InvertColors	16	static
C:/Users/Root/Downloads/ST7789-STM32-master/ST7789/st7789.c:445:6:ST7789_WriteChar	40	static
C:/Users/Root/Downloads/ST7789-STM32-master/ST7789/st7789.c:481:6:ST7789_WriteString	48	static
C:/Users/Root/Downloads/ST7789-STM32-master/ST7789/st7789.c:584:6:ST7789_WriteString_ramk	48	static
C:/Users/Root/Downloads/ST7789-STM32-master/ST7789/st7789.c:684:6:ST7789_DrawFilledRectangle	32	static
C:/Users/Root/Downloads/ST7789-STM32-master/ST7789/st7789.c:748:6:ST7789_DrawTriangle	32	static
C:/Users/Root/Downloads/ST7789-STM32-master/ST7789/st7789.c:764:6:ST7789_DrawFilledTriangle	64	static
C:/Users/Root/Downloads/ST7789-STM32-master/ST7789/st7789.c:833:6:ST7789_DrawFilledCircle	48	static
C:/Users/Root/Downloads/ST7789-STM32-master/ST7789/st7789.c:873:6:ST7789_TearEffect	16	static
C:/Users/Root/Downloads/ST7789-STM32-master/ST7789/st7789.c:886:6:ST7789_Test	4	static
C:/Users/Root/Downloads/ST7789-STM32-master/ST7789/st7789.c:958:6:ST7789_EnterSleepMode	8	static
C:/Users/Root/Downloads/ST7789-STM32-master/ST7789/st7789.c:962:6:ST7789_SleepModeExit	8	static
../Core/Src/main.c:211:5:main	48	static
../Core/Src/main.c:298:6:SystemClock_Config	88	static
../Core/Src/main.c:347:13:MX_ADC1_Init	24	static
../Core/Src/main.c:412:13:MX_I2C1_Init	8	static
../Core/Src/main.c:446:13:MX_RTC_Init	16	static
../Core/Src/main.c:508:13:MX_SPI1_Init	8	static
../Core/Src/main.c:546:13:MX_TIM1_Init	56	static
../Core/Src/main.c:596:13:MX_TIM2_Init	48	static
../Core/Src/main.c:650:13:MX_TIM4_Init	32	static
../Core/Src/main.c:693:13:MX_DMA_Init	16	static
../Core/Src/main.c:714:13:MX_GPIO_Init	40	static
../Core/Src/main.c:759:6:HAL_ADC_ConvCpltCallback	32	static
../Core/Src/main.c:806:6:HAL_TIM_PeriodElapsedCallback	16	static
../Core/Src/main.c:825:6:HAL_GPIO_EXTI_Callback	16	static
../Core/Src/main.c:838:6:HDC2080_Init	32	static
../Core/Src/main.c:858:6:HDC2080_Reset	32	static
../Core/Src/main.c:863:6:HDC2080_Read	40	static
../Core/Src/main.c:881:6:WakeUp	24	static
../Core/Src/main.c:947:6:GetTimeDate	24	static
../Core/Src/main.c:959:6:WriteToDisplay	120	static
../Core/Src/main.c:1502:6:GoSleep	8	static
../Core/Src/main.c:1513:9:ReadButton	8	static
../Core/Src/main.c:1517:6:HandleButton	16	static
../Core/Src/main.c:1540:9:GetEncoder	4	static
../Core/Src/main.c:1544:6:HandleEncoder	16	static
../Core/Src/main.c:1555:6:ButtonShortPressHandler	8	static
../Core/Src/main.c:1610:6:ButtonLongPressHandler	16	static
../Core/Src/main.c:1720:6:EncoderRight	16	static
../Core/Src/main.c:1818:6:EncoderLeft	16	static
../Core/Src/main.c:1955:6:HAL_RTC_AlarmAEventCallback	16	static
../Core/Src/main.c:1968:10:rtc_to_seconds	56	static
../Core/Src/main.c:1979:6:Now_Time	8	static
../Core/Src/main.c:1996:6:Error_Handler	4	static,ignoring_inline_asm
