../Core/Src/main.c:297:6:SystemClock_Config	88	static,ignoring_inline_asm
../Core/Src/main.c:758:6:HAL_ADC_ConvCpltCallback	24	static
../Core/Src/main.c:805:6:HAL_TIM_PeriodElapsedCallback	0	static
../Core/Src/main.c:824:6:HAL_GPIO_EXTI_Callback	8	static
../Core/Src/main.c:837:6:HDC2080_Init	48	static
../Core/Src/main.c:857:6:HDC2080_Reset	32	static
../Core/Src/main.c:862:6:HDC2080_Read	48	static
../Core/Src/main.c:880:6:WakeUp	24	static
../Core/Src/main.c:946:6:GetTimeDate	32	static
../Core/Src/main.c:958:6:WriteToDisplay	152	static
../Core/Src/main.c:1501:6:GoSleep	8	static
../Core/Src/main.c:1512:9:ReadButton	0	static
../Core/Src/main.c:1539:9:GetEncoder	0	static
../Core/Src/main.c:1554:6:ButtonShortPressHandler	8	static
../Core/Src/main.c:1609:6:ButtonLongPressHandler	24	static,ignoring_inline_asm
../Core/Src/main.c:1516:6:HandleButton	24	static
../Core/Src/main.c:1719:6:EncoderRight	16	static
../Core/Src/main.c:1817:6:EncoderLeft	24	static
../Core/Src/main.c:1543:6:HandleEncoder	16	static
../Core/Src/main.c:210:5:main	128	static,ignoring_inline_asm
../Core/Src/main.c:1954:6:HAL_RTC_AlarmAEventCallback	24	static
../Core/Src/main.c:1967:10:rtc_to_seconds	56	static
../Core/Src/main.c:1978:6:Now_Time	16	static
../Core/Src/main.c:1995:6:Error_Handler	0	static,ignoring_inline_asm
